DMA.c:36:6:DMA_SetConfigurations	16	static
DMA.c:74:6:DMA_Init	16	static
DMA.c:108:6:DMA_StartTransfer	16	static
DMA.c:115:6:DMA_EnterCriticalSection	4	static
DMA.c:128:6:DMA_ExitCriticalSection	4	static
DMA.c:151:16:DMA_GetTransferState	24	static
DMA.c:176:15:DMA_ReadIntFlag	16	static
DMA.c:192:6:DMA_ClearIntFlag	16	static
DMA.c:201:6:DMA_EnableClk	16	static
DMA.c:222:6:DMA_EnableNVICInterrupt	16	static
DMA.c:239:6:DMA_DisableNVICInterrupt	16	static
DMA.c:255:6:DMA_SetNVICPendingFlag	16	static
DMA.c:272:6:DMA_ClearNVICPendingFlag	16	static
DMA.c:290:6:NVIC_GenerateInterrupt	16	static
DMA.c:301:6:DMA2_Stream5_IRQHandler	8	static
